# time-base ticks per dependent add: 0.2714 = 0.530 ns; cpufreq says 3.80 GHz -> a dependent add is 2.01 core cycles
# sequence                       insns   lat ns    tp ns  lat cyc   tp cyc  (lat/tp in ns per sequence and in core cycles at the cpufreq clock; thruput = 4 independent chains)
vaddubm                              1    0.528    0.138     2.01     0.53
vand                                 1    0.528    0.132     2.01     0.50
xxland                               1    0.529    0.132     2.01     0.50
vor                                  1    0.528    0.139     2.01     0.53
xxlor                                1    0.528    0.137     2.01     0.52
vsel                                 1    0.529    0.132     2.01     0.50
xxsel                                1    0.529    0.132     2.01     0.50
vperm                                1    0.795    0.198     3.02     0.75
vsldoi                               1    0.792    0.198     3.01     0.75
xxpermdi                             1    0.792    0.198     3.01     0.75
vpkuhum                              1    0.792    0.198     3.01     0.75
vmrglb                               1    0.792    0.198     3.01     0.75
vspltb                               1    0.793    0.198     3.01     0.75
vmaxub                               1    0.793    0.198     3.01     0.75
vcmpequb                             1    0.793    0.198     3.01     0.75
vcmpgtub                             1    0.793    0.198     3.01     0.75
vaddubs_sat                          1    0.794    0.198     3.02     0.75
vslb                                 1    0.529    0.132     2.01     0.50
vsrab                                1    0.529    0.132     2.01     0.50
vsld                                 1    0.529    0.132     2.01     0.50
vrlw                                 1    0.528    0.136     2.01     0.52
vmladduhm                            1    1.853    0.462     7.04     1.75
vmuluwm                              1    1.852    0.462     7.04     1.75
vmulesb                              1    1.852    0.462     7.04     1.75
vmsumubm                             1    1.852    0.462     7.04     1.75
vmhraddshs                           1    1.851    0.463     7.04     1.76
vsum4ubs                             1    1.852    0.462     7.04     1.75
vsumsws                              1    1.852    0.462     7.04     1.75
vpopcntb                             1    0.528    0.133     2.00     0.51
vclzb                                1    0.793    0.198     3.02     0.75
vbpermq                              1    0.794    0.198     3.02     0.75
vpmsumd                              1    1.587    0.396     6.03     1.50
vpmsumb                              1    1.588    0.396     6.03     1.50
vcipher                              1    1.586    0.396     6.03     1.50
vcipherlast                          1    1.587    0.396     6.03     1.50
vncipher                             1    1.587    0.396     6.03     1.50
vshasigmaw                           1    0.793    0.198     3.01     0.75
xvaddsp                              1    1.653    0.404     6.28     1.54
xvmulsp                              1    1.674    0.389     6.36     1.48
xvmaddasp                            1    1.677    0.401     6.37     1.52
xvcmpeqsp                            1    0.793    0.198     3.01     0.75
xvcmpeqsp_rc                         1    0.793    0.204     3.01     0.77
xvmaxsp                              1    0.793    0.198     3.01     0.75
xvcvspsxws                           1    5.856    2.638    22.25    10.02
xvcvsxwsp                            1    5.889    2.803    22.38    10.65
xvrspi                               1    1.671    0.395     6.35     1.50
vrfin                                1    1.670    0.398     6.35     1.51
xvresp                               1    1.685    0.398     6.40     1.51
xvdivsp                              1    6.880    2.779    26.15    10.56
xvsqrtsp                             1    7.677    3.176    29.17    12.07
xvdivdp                              1    7.674    3.176    29.16    12.07
xvnegsp                              1    0.529    0.139     2.01     0.53
mfvsrd                               1    0.067    0.132     0.26     0.50
mfvsrd_mtvsrd                        2    1.059    0.287     4.03     1.09
mtvsrd_xxpermdi_vspltb               3    3.077    0.949    11.69     3.61
vextract_umov_b_p8                   3    2.920    0.855    11.09     3.25
vspltisb                             1    0.631    0.304     2.40     1.16
const_gpr_splat                      4    0.929    0.885     3.53     3.36
const_pool_lvx                       2    0.528    0.418     2.01     1.59
const_pool_lxvd2x                    3    0.676    0.617     2.57     2.35
const_lvsl_vslb                      3    0.839    0.811     3.19     3.08
stvx_lvx_fwd                         2    3.988    1.937    15.15     7.36
std_lvx_partial                      3    4.780    2.367    18.16     8.99
std_std_lvx                          4    4.619    2.633    17.55    10.01
stvx_ld_mtvsrd                       3    4.559    1.589    17.33     6.04
ctx_roundtrip_stxvd2x_lxvd2x         2    3.988    1.893    15.15     7.19
mfvscr                               1    4.233    4.233    16.09    16.08
vaddubs_mfvscr                       2    5.557    4.764    21.12    18.10
mtvscr                               1    4.236    4.237    16.10    16.10
vcmpequb_rc_bc                       2    0.299    0.330     1.14     1.25
vcmpequb_rc_mfocrf                   4    3.698    1.037    14.05     3.94
movemask_bpermq                      3    2.331    0.889     8.86     3.38
cmhi_1                               1    0.792    0.198     3.01     0.75
cmhi_cur3                            3    2.117    0.646     8.04     2.45
cmtst_2                              3    1.333    0.502     5.06     1.91
cmtst_cur                            4    1.855    0.682     7.05     2.59
vmov64_cur3                          3    1.587    0.452     6.03     1.72
vmov64_xxpermdi                      2    0.795    0.281     3.02     1.07
umaxp_cur6                           6    2.700    0.901    10.26     3.42
umaxp_same4                          4    2.119    0.754     8.05     2.87
umaxv16_fold10                      10    7.146    1.952    27.15     7.42
addv16_3                             3    3.705    0.926    14.08     3.52
addv32_rot4                          4    2.645    0.821    10.05     3.12
shrn_cur4                            4    1.386    0.643     5.27     2.44
srshr_imm5                           5    1.982    1.070     7.53     4.07
sqshl_imm8                           8    2.605    1.321     9.90     5.02
sshl_reg13                          13    2.420    1.898     9.20     7.21
tbl1_p8_6                            6    1.459    0.971     5.54     3.69
uqadd64_3                            3    1.946    0.602     7.39     2.29
sqadd64_9                            9    2.756    1.358    10.47     5.16
sqdmulh16_2                          2    1.854    0.462     7.04     1.75
sqdmulh32_9                          9    3.730    1.554    14.17     5.90
smull8_3                             3    2.776    0.751    10.55     2.85
mul8_5                               5    3.045    0.992    11.57     3.77
mul64_8                              8    3.978    1.364    15.12     5.18
uabd_p8_3                            3    1.506    0.513     5.72     1.95
udot_1                               1    1.853    0.462     7.04     1.75
sdot_6                               6    3.203    1.185    12.17     4.50
pmull_2                              2    2.385    0.603     9.06     2.29
aese_3                               3    2.913    0.847    11.07     3.22
aes_round_fused_2                    2    2.117    0.528     8.04     2.01
fmla_gated_3                         3    1.668    0.465     6.34     1.77
fcvtzs_3                             3    2.506    0.732     9.52     2.78
rbit_8                               8    2.704    1.156    10.27     4.39
zip1_1                               1    0.793    0.198     3.01     0.75
uzp2_3                               3    1.352    0.647     5.14     2.46
ext_1                                1    0.792    0.198     3.01     0.75
rev32_p8_2                           2    1.251    0.611     4.75     2.32
xxland_lowhalf                       3    1.588    0.484     6.03     1.84
xxlor_move_halves                    2    1.057    0.319     4.02     1.21
vabsdub                              1    0.793    0.198     3.01     0.75
vpermr                               1    0.793    0.198     3.01     0.75
xxperm                               1    0.792    0.198     3.01     0.75
xxspltib                             1    0.637    0.305     2.42     1.16
mtvsrws                              2    1.720    0.477     6.54     1.81
mtvsrdd                              2    1.485    0.415     5.64     1.58
vextubrx                             2    1.588    0.447     6.03     1.70
vctzlsbb                             1    1.588    0.449     6.03     1.70
vclzlsbb                             1    1.587    0.448     6.03     1.70
xxbrq                                1    0.793    0.198     3.01     0.75
xxbrw                                1    0.795    0.198     3.02     0.75
vinsertb                             2    2.287    0.678     8.69     2.58
vextsb2w                             1    0.529    0.138     2.01     0.53
lxv_const                            1    0.528    0.440     2.01     1.67
tbl1_p9_3                            3    0.792    0.446     3.01     1.69
tbl1_p9_4                            4    1.449    0.646     5.51     2.46
ctx_roundtrip_stxv_lxv               2    3.989    1.893    15.16     7.19
xscvhpdp                             1   10.005    3.547    38.02    13.48
xvcvsphp                             1    5.806    2.806    22.06    10.66
# cpufreq at end: 3.80 GHz
