== va_probe: aarch64 6.18.39+rpt-rpi-2712 openbmc  pagesize=16384 personality=0x40000
mmap_min_addr=4096
no-hint 1 page            -> 0x00007ffff7fb8000 bit46
no-hint 1 GiB PROT_NONE   -> 0x00007fffb7de0000
no-hint 1TiB reservations: 127 TiB until ENOMEM; lowest=0x0000005555550000 highest_end=0x00007ffff7de0000 (bit46)
hint / MAP_FIXED_NOREPLACE (FNR), len=1 page:
  hint   2^46         0x0000400000000000 -> 0x0000400000000000 bit46  EXACT
  FNR    2^46         0x0000400000000000 -> 0x0000400000000000 EXACT
  hint   2^47-pg      0x00007fffffffc000 -> 0x00007ffff7fb8000 bit46  relocated
  FNR    2^47-pg      0x00007fffffffc000 -> FAILED errno=17 (File exists)
  hint   2^47         0x0000800000000000 -> 0x00007ffff7fb8000 bit46  relocated
  FNR    2^47         0x0000800000000000 -> FAILED errno=12 (Cannot allocate memory)
  hint   2^47+pg      0x0000800000004000 -> 0x00007ffff7fb8000 bit46  relocated
  FNR    2^47+pg      0x0000800000004000 -> FAILED errno=12 (Cannot allocate memory)
  hint   2^48-pg      0x0000ffffffffc000 -> 0x00007ffff7fb8000 bit46  relocated
  FNR    2^48-pg      0x0000ffffffffc000 -> FAILED errno=12 (Cannot allocate memory)
  hint   2^48         0x0001000000000000 -> 0x00007ffff7fb8000 bit46  relocated
  FNR    2^48         0x0001000000000000 -> FAILED errno=12 (Cannot allocate memory)
  hint   2^52-pg      0x000fffffffffc000 -> 0x00007ffff7fb8000 bit46  relocated
  FNR    2^52-pg      0x000fffffffffc000 -> FAILED errno=12 (Cannot allocate memory)
FNR at (2^b - 16 pages): 40:Y 41:Y 42:Y 43:Y 44:Y 45:Y 46:Y 47:Y 48:n 49:n 50:n 51:n 52:n 53:n 54:n 55:n 56:n
  => user VA ceiling (TASK_SIZE) = 2^47
after hint 2^47+2^40 (got 0x00007ffff7fb8000), next no-hint -> 0x00007ffff7fb4000
controls:
  CONTROL must-succeed FNR 2^40 (1 TiB)            0x0000010000000000 -> mapped errno=0  [PASS]
  CONTROL must-succeed FNR 2^46-16pg               0x00003ffffffc0000 -> mapped errno=0  [PASS]
  CONTROL must-fail FNR 2^56 (above any TASK_SIZE) 0x0100000000000000 -> FAILED errno=12  [PASS]
  CONTROL must-fail FNR below mmap_min_addr        0x0000000000000000 -> FAILED errno=1  [PASS]
  CONTROL must-fail FNR over existing mapping      0x00007ffff7fb8000 -> FAILED errno=17  [PASS]
/proc/self/maps (exe, heap, stack, vdso, vvar, highest):
  555555550000-555555554000 r-xp 00000000 00:20 15503                      <probe-dir>/va_probe
  555555574000-555555598000 rw-p 00000000 00:00 0                          [heap]
  7ffff7fbc000-7ffff7fe4000 r-xp 00000000 b3:02 5812                       /usr/lib/aarch64-linux-gnu/ld-linux-aarch64.so.1
  7ffff7fe4000-7ffff7ff4000 r--p 00000000 00:00 0                          [vvar]
  7ffff7ff4000-7ffff7ff8000 r-xp 00000000 00:00 0                          [vdso]
  7ffffffdc000-800000000000 rw-p 00000000 00:00 0                          [stack]
  last: 7ffffffdc000-800000000000 rw-p 00000000 00:00 0                          [stack]
main=0x555555550e48 (PIE text)
RESULT controls_failed=0
