== a64: 65 corpus doubles, 56 floats, 4000 random per axis
a64.fadd_d                         n=2756672  bad=0       PASS
a64.fsub_d                         n=2756672  bad=0       PASS
a64.fmul_d                         n=2756672  bad=0       PASS
a64.fdiv_d                         n=2756672  bad=0       PASS
a64.fadd_s                         n=2464316  bad=0       PASS
a64.fsub_s                         n=2464316  bad=0       PASS
a64.fmul_s                         n=2464316  bad=0       PASS
a64.fdiv_s                         n=2464316  bad=0       PASS
a64.fmin_d                         n=166481   bad=0       PASS
a64.fmax_d                         n=166481   bad=0       PASS
a64.fminnm_d                       n=166481   bad=0       PASS
a64.fmaxnm_d                       n=166481   bad=0       PASS
a64.fmin_s                         n=3136     bad=0       PASS
a64.fmax_s                         n=3136     bad=0       PASS
a64.fminnm_s                       n=3136     bad=0       PASS
a64.fmaxnm_s                       n=3136     bad=0       PASS
a64.fmadd_d                        n=1000188  bad=0       PASS
a64.fnmsub_d                       n=1000188  bad=0       PASS
a64.fmsub_d                        n=1000188  bad=0       PASS
a64.fnmadd_d                       n=1000188  bad=0       PASS
a64.fmadd_s                        n=21952    bad=0       PASS
a64.fnmsub_s                       n=21952    bad=0       PASS
a64.fmsub_s                        n=21952    bad=0       PASS
a64.fnmadd_s                       n=21952    bad=0       PASS
a64.fsqrt_d                        n=16260    bad=0       PASS
a64.fcvt_sd                        n=16260    bad=0       PASS
a64.fcvt_hd                        n=16260    bad=0       PASS
a64.fsqrt_s                        n=16224    bad=0       PASS
a64.fcvt_ds                        n=16224    bad=0       PASS
a64.fcvt_hs                        n=16224    bad=0       PASS
a64.fcvt_dh                        n=65536    bad=0       PASS
a64.fcvt_sh                        n=65536    bad=0       PASS
a64.fcmp_d                         n=4225     bad=0       PASS
a64.fcmp_s                         n=3136     bad=0       PASS
a64.fcvtns_xd                      n=64260    bad=0       PASS
a64.fcvtns_wd                      n=64260    bad=0       PASS
a64.fcvtnu_xd                      n=64260    bad=0       PASS
a64.fcvtnu_wd                      n=64260    bad=0       PASS
a64.fcvtps_xd                      n=64260    bad=0       PASS
a64.fcvtps_wd                      n=64260    bad=0       PASS
a64.fcvtpu_xd                      n=64260    bad=0       PASS
a64.fcvtpu_wd                      n=64260    bad=0       PASS
a64.fcvtms_xd                      n=64260    bad=0       PASS
a64.fcvtms_wd                      n=64260    bad=0       PASS
a64.fcvtmu_xd                      n=64260    bad=0       PASS
a64.fcvtmu_wd                      n=64260    bad=0       PASS
a64.fcvtzs_xd                      n=64260    bad=0       PASS
a64.fcvtzs_wd                      n=64260    bad=0       PASS
a64.fcvtzu_xd                      n=64260    bad=0       PASS
a64.fcvtzu_wd                      n=64260    bad=0       PASS
a64.fcvtas_xd                      n=64260    bad=0       PASS
a64.fcvtas_wd                      n=64260    bad=0       PASS
a64.fcvtau_xd                      n=64260    bad=0       PASS
a64.fcvtau_wd                      n=64260    bad=0       PASS
a64.fcvtzs_fix_xd                  n=192780   bad=0       PASS
a64.fcvtzu_fix_xd                  n=192780   bad=0       PASS
a64.fcvtzs_xs                      n=16224    bad=0       PASS
a64.fcvtzu_xs                      n=16224    bad=0       PASS
a64.fcvtns_xs                      n=16224    bad=0       PASS
a64.fcvtas_xs                      n=16224    bad=0       PASS
a64.fcvtzs_ws                      n=16224    bad=0       PASS
a64.fcvtzu_ws                      n=16224    bad=0       PASS
a64.fcvtns_ws                      n=16224    bad=0       PASS
a64.fcvtau_ws                      n=16224    bad=0       PASS
a64.scvtf_dx                       n=80120    bad=0       PASS
a64.ucvtf_dx                       n=80120    bad=0       PASS
a64.scvtf_sx                       n=80120    bad=0       PASS
a64.ucvtf_sx                       n=80120    bad=0       PASS
a64.scvtf_dw                       n=80120    bad=0       PASS
a64.ucvtf_dw                       n=80120    bad=0       PASS
a64.scvtf_sw                       n=80120    bad=0       PASS
== verdict: PASS (0 candidate(s) wrong or control(s) silent)
